✔ checkpoint round-trip and certified terminal prefix (5.752452ms)
✔ corrupt checkpoint is rejected (2.511686ms)
✔ wrong HEAD/seed/runtime/fingerprint are all rejected (1.570023ms)
✔ cross-head continuation rebind preserves certified state but changes only identity (2.1862ms)
✔ terminal corruption is rejected without truncation (1.630275ms)
✔ only uncommitted crash tail is rolled back (1.620227ms)
✔ missing terminal file and orphan evidence fail closed (2.124916ms)
✔ fixed complete universe has no duplicate or omitted units (289.593199ms)
✔ holding a running root never removes it from the universe (77.969159ms)
✔ duplicate roots, partitions and wrong parent are rejected (28.491754ms)
✔ empty aggregate cannot claim closure or release (39.829963ms)
✔ source drift refuses instrumentation (0.319716ms)
✔ legacy V10 identity remains bound while current V11 equals repeatedly resumed traversal (129.599255ms)
✔ result identity, missing bytes and proof-model failures block aggregation (34.743323ms)
✔ duplicate result and partial parent coverage never close a parent (39.827158ms)
✔ terminal old groups release only their two roots, active/queued/unknown remain held (32.531826ms)
✔ legacy job identity errors and missing ownership fail closed (0.657844ms)
✔ a yielded checkpoint continues its partition before opening another one (0.156171ms)
ℹ tests 18
ℹ suites 0
ℹ pass 18
ℹ fail 0
ℹ cancelled 0
ℹ skipped 0
ℹ todo 0
ℹ duration_ms 797.876986
