✔ checkpoint round-trip and certified terminal prefix (8.740138ms)
✔ corrupt checkpoint is rejected (2.524514ms)
✔ wrong HEAD/seed/runtime/fingerprint are all rejected (1.772633ms)
✔ cross-head continuation rebind preserves certified state but changes only identity (2.456013ms)
✔ terminal corruption is rejected without truncation (1.368058ms)
✔ only uncommitted crash tail is rolled back (1.446662ms)
✔ missing terminal file and orphan evidence fail closed (1.539056ms)
✔ fixed complete universe has no duplicate or omitted units (67.549552ms)
✔ holding a running root never removes it from the universe (86.557183ms)
✔ duplicate roots, partitions and wrong parent are rejected (10.303555ms)
✔ empty aggregate cannot claim closure or release (48.957318ms)
✔ source drift refuses instrumentation (0.310615ms)
✔ legacy V10 identity remains bound while current V11 equals repeatedly resumed traversal (127.98721ms)
✔ result identity, missing bytes and proof-model failures block aggregation (37.742404ms)
✔ duplicate result and partial parent coverage never close a parent (39.728933ms)
✔ terminal old groups release only their two roots, active/queued/unknown remain held (33.446891ms)
✔ legacy job identity errors and missing ownership fail closed (0.798753ms)
✔ a yielded checkpoint continues its partition before opening another one (0.145482ms)
ℹ tests 18
ℹ suites 0
ℹ pass 18
ℹ fail 0
ℹ cancelled 0
ℹ skipped 0
ℹ todo 0
ℹ duration_ms 554.332712
