✔ checkpoint round-trip and certified terminal prefix (4.641272ms)
✔ corrupt checkpoint is rejected (2.419396ms)
✔ wrong HEAD/seed/runtime/fingerprint are all rejected (1.683646ms)
✔ cross-head continuation rebind preserves certified state but changes only identity (2.305393ms)
✔ terminal corruption is rejected without truncation (1.693564ms)
✔ only uncommitted crash tail is rolled back (1.807315ms)
✔ missing terminal file and orphan evidence fail closed (1.944511ms)
✔ fixed complete universe has no duplicate or omitted units (65.428271ms)
✔ holding a running root never removes it from the universe (90.850192ms)
✔ duplicate roots, partitions and wrong parent are rejected (11.628004ms)
✔ empty aggregate cannot claim closure or release (34.147013ms)
✔ source drift refuses instrumentation (0.280632ms)
✔ legacy V10 identity remains bound while current V11 equals repeatedly resumed traversal (128.927616ms)
✔ result identity, missing bytes and proof-model failures block aggregation (35.996534ms)
✔ duplicate result and partial parent coverage never close a parent (43.332564ms)
✔ terminal old groups release only their two roots, active/queued/unknown remain held (35.327721ms)
✔ legacy job identity errors and missing ownership fail closed (0.710514ms)
✔ a yielded checkpoint continues its partition before opening another one (0.159197ms)
ℹ tests 18
ℹ suites 0
ℹ pass 18
ℹ fail 0
ℹ cancelled 0
ℹ skipped 0
ℹ todo 0
ℹ duration_ms 552.146332
