✔ checkpoint round-trip and certified terminal prefix (10.038007ms)
✔ corrupt checkpoint is rejected (2.338211ms)
✔ wrong HEAD/seed/runtime/fingerprint are all rejected (1.63314ms)
✔ cross-head continuation rebind preserves certified state but changes only identity (2.047376ms)
✔ terminal corruption is rejected without truncation (1.694535ms)
✔ only uncommitted crash tail is rolled back (1.725733ms)
✔ missing terminal file and orphan evidence fail closed (2.015867ms)
✔ fixed complete universe has no duplicate or omitted units (71.050387ms)
✔ holding a running root never removes it from the universe (72.775086ms)
✔ duplicate roots, partitions and wrong parent are rejected (11.716688ms)
✔ empty aggregate cannot claim closure or release (33.247873ms)
✔ source drift refuses instrumentation (0.291857ms)
✔ legacy V10 identity remains bound while current V11 equals repeatedly resumed traversal (228.522988ms)
✔ result identity, missing bytes and proof-model failures block aggregation (32.55776ms)
✔ duplicate result and partial parent coverage never close a parent (33.407763ms)
✔ terminal old groups release only their two roots, active/queued/unknown remain held (46.962198ms)
✔ legacy job identity errors and missing ownership fail closed (0.840766ms)
✔ a yielded checkpoint continues its partition before opening another one (0.173215ms)
ℹ tests 18
ℹ suites 0
ℹ pass 18
ℹ fail 0
ℹ cancelled 0
ℹ skipped 0
ℹ todo 0
ℹ duration_ms 642.38287
