✔ checkpoint round-trip and certified terminal prefix (31.533104ms)
✔ corrupt checkpoint is rejected (113.305294ms)
✔ wrong HEAD/seed/runtime/fingerprint are all rejected (1.87249ms)
✔ cross-head continuation rebind preserves certified state but changes only identity (1.761542ms)
✔ terminal corruption is rejected without truncation (1.608837ms)
✔ only uncommitted crash tail is rolled back (1.22507ms)
✔ missing terminal file and orphan evidence fail closed (1.488252ms)
✔ fixed complete universe has no duplicate or omitted units (400.244632ms)
✔ holding a running root never removes it from the universe (54.616785ms)
✔ duplicate roots, partitions and wrong parent are rejected (35.735964ms)
✔ empty aggregate cannot claim closure or release (29.067952ms)
✔ source drift refuses instrumentation (0.213911ms)
✔ legacy V10 identity remains bound while current V11 equals repeatedly resumed traversal (684.816108ms)
✔ result identity, missing bytes and proof-model failures block aggregation (377.840225ms)
✔ duplicate result and partial parent coverage never close a parent (33.49309ms)
✔ terminal old groups release only their two roots, active/queued/unknown remain held (20.303786ms)
✔ legacy job identity errors and missing ownership fail closed (0.476345ms)
✔ a yielded checkpoint continues its partition before opening another one (0.092378ms)
ℹ tests 18
ℹ suites 0
ℹ pass 18
ℹ fail 0
ℹ cancelled 0
ℹ skipped 0
ℹ todo 0
ℹ duration_ms 1872.089808
