✔ checkpoint round-trip and certified terminal prefix (5.300292ms)
✔ corrupt checkpoint is rejected (2.037171ms)
✔ wrong HEAD/seed/runtime/fingerprint are all rejected (5.492995ms)
✔ cross-head continuation rebind preserves certified state but changes only identity (2.117363ms)
✔ terminal corruption is rejected without truncation (1.589436ms)
✔ only uncommitted crash tail is rolled back (1.27174ms)
✔ missing terminal file and orphan evidence fail closed (1.543782ms)
✔ fixed complete universe has no duplicate or omitted units (116.964376ms)
✔ holding a running root never removes it from the universe (45.368792ms)
✔ duplicate roots, partitions and wrong parent are rejected (6.244871ms)
✔ empty aggregate cannot claim closure or release (32.125136ms)
✔ source drift refuses instrumentation (0.233414ms)
✔ legacy V10 identity remains bound while current V11 equals repeatedly resumed traversal (150.187769ms)
✔ result identity, missing bytes and proof-model failures block aggregation (23.463964ms)
✔ duplicate result and partial parent coverage never close a parent (27.036065ms)
✔ terminal old groups release only their two roots, active/queued/unknown remain held (23.167489ms)
✔ legacy job identity errors and missing ownership fail closed (0.498106ms)
✔ a yielded checkpoint continues its partition before opening another one (0.087833ms)
ℹ tests 18
ℹ suites 0
ℹ pass 18
ℹ fail 0
ℹ cancelled 0
ℹ skipped 0
ℹ todo 0
ℹ duration_ms 509.383157
