✔ checkpoint round-trip and certified terminal prefix (4.358658ms)
✔ corrupt checkpoint is rejected (2.116635ms)
✔ wrong HEAD/seed/runtime/fingerprint are all rejected (1.3061ms)
✔ cross-head continuation rebind preserves certified state but changes only identity (1.922458ms)
✔ terminal corruption is rejected without truncation (1.355944ms)
✔ only uncommitted crash tail is rolled back (1.550519ms)
✔ missing terminal file and orphan evidence fail closed (1.545511ms)
✔ fixed complete universe has no duplicate or omitted units (63.206267ms)
✔ holding a running root never removes it from the universe (82.480609ms)
✔ duplicate roots, partitions and wrong parent are rejected (10.463039ms)
✔ empty aggregate cannot claim closure or release (40.020814ms)
✔ source drift refuses instrumentation (0.297945ms)
✔ legacy V10 identity remains bound while current V11 equals repeatedly resumed traversal (121.911523ms)
✔ result identity, missing bytes and proof-model failures block aggregation (34.290111ms)
✔ duplicate result and partial parent coverage never close a parent (37.674827ms)
✔ terminal old groups release only their two roots, active/queued/unknown remain held (38.097247ms)
✔ legacy job identity errors and missing ownership fail closed (0.661985ms)
✔ a yielded checkpoint continues its partition before opening another one (0.142238ms)
ℹ tests 18
ℹ suites 0
ℹ pass 18
ℹ fail 0
ℹ cancelled 0
ℹ skipped 0
ℹ todo 0
ℹ duration_ms 517.07286
