✔ checkpoint round-trip and certified terminal prefix (9.750181ms)
✔ corrupt checkpoint is rejected (2.555323ms)
✔ wrong HEAD/seed/runtime/fingerprint are all rejected (1.644546ms)
✔ cross-head continuation rebind preserves certified state but changes only identity (2.153391ms)
✔ terminal corruption is rejected without truncation (1.540093ms)
✔ only uncommitted crash tail is rolled back (1.558117ms)
✔ missing terminal file and orphan evidence fail closed (1.790071ms)
✔ fixed complete universe has no duplicate or omitted units (74.566098ms)
✔ holding a running root never removes it from the universe (66.230645ms)
✔ duplicate roots, partitions and wrong parent are rejected (11.024396ms)
✔ empty aggregate cannot claim closure or release (40.497822ms)
✔ source drift refuses instrumentation (0.385762ms)
✔ legacy V10 identity remains bound while current V11 equals repeatedly resumed traversal (137.536764ms)
✔ result identity, missing bytes and proof-model failures block aggregation (44.60809ms)
✔ duplicate result and partial parent coverage never close a parent (38.837358ms)
✔ terminal old groups release only their two roots, active/queued/unknown remain held (28.397506ms)
✔ legacy job identity errors and missing ownership fail closed (0.723764ms)
✔ a yielded checkpoint continues its partition before opening another one (0.161141ms)
ℹ tests 18
ℹ suites 0
ℹ pass 18
ℹ fail 0
ℹ cancelled 0
ℹ skipped 0
ℹ todo 0
ℹ duration_ms 551.689818
