✔ checkpoint round-trip and certified terminal prefix (5.665878ms)
✔ corrupt checkpoint is rejected (2.066259ms)
✔ wrong HEAD/seed/runtime/fingerprint are all rejected (1.45578ms)
✔ cross-head continuation rebind preserves certified state but changes only identity (1.897391ms)
✔ terminal corruption is rejected without truncation (1.311185ms)
✔ only uncommitted crash tail is rolled back (1.28791ms)
✔ missing terminal file and orphan evidence fail closed (1.483434ms)
✔ fixed complete universe has no duplicate or omitted units (178.173948ms)
✔ holding a running root never removes it from the universe (65.784987ms)
✔ duplicate roots, partitions and wrong parent are rejected (15.284656ms)
✔ empty aggregate cannot claim closure or release (39.960933ms)
✔ source drift refuses instrumentation (2.285856ms)
✔ legacy V10 identity remains bound while current V11 equals repeatedly resumed traversal (121.051142ms)
✔ result identity, missing bytes and proof-model failures block aggregation (34.618163ms)
✔ duplicate result and partial parent coverage never close a parent (37.44042ms)
✔ terminal old groups release only their two roots, active/queued/unknown remain held (38.665304ms)
✔ legacy job identity errors and missing ownership fail closed (0.666456ms)
✔ a yielded checkpoint continues its partition before opening another one (0.13922ms)
ℹ tests 18
ℹ suites 0
ℹ pass 18
ℹ fail 0
ℹ cancelled 0
ℹ skipped 0
ℹ todo 0
ℹ duration_ms 637.439186
