✔ checkpoint round-trip and certified terminal prefix (10.076091ms)
✔ corrupt checkpoint is rejected (2.215046ms)
✔ wrong HEAD/seed/runtime/fingerprint are all rejected (1.352619ms)
✔ cross-head continuation rebind preserves certified state but changes only identity (1.821519ms)
✔ terminal corruption is rejected without truncation (1.359329ms)
✔ only uncommitted crash tail is rolled back (1.381472ms)
✔ missing terminal file and orphan evidence fail closed (1.590964ms)
✔ fixed complete universe has no duplicate or omitted units (62.679638ms)
✔ holding a running root never removes it from the universe (74.554478ms)
✔ duplicate roots, partitions and wrong parent are rejected (8.949789ms)
✔ empty aggregate cannot claim closure or release (36.220306ms)
✔ source drift refuses instrumentation (0.302081ms)
✔ legacy V10 identity remains bound while current V11 equals repeatedly resumed traversal (124.479301ms)
✔ result identity, missing bytes and proof-model failures block aggregation (33.861616ms)
✔ duplicate result and partial parent coverage never close a parent (42.019833ms)
✔ terminal old groups release only their two roots, active/queued/unknown remain held (34.75646ms)
✔ legacy job identity errors and missing ownership fail closed (0.685914ms)
✔ a yielded checkpoint continues its partition before opening another one (0.164506ms)
ℹ tests 18
ℹ suites 0
ℹ pass 18
ℹ fail 0
ℹ cancelled 0
ℹ skipped 0
ℹ todo 0
ℹ duration_ms 523.964135
