✔ checkpoint round-trip and certified terminal prefix (10.401677ms)
✔ corrupt checkpoint is rejected (2.878216ms)
✔ wrong HEAD/seed/runtime/fingerprint are all rejected (1.810748ms)
✔ cross-head continuation rebind preserves certified state but changes only identity (2.434399ms)
✔ terminal corruption is rejected without truncation (1.790299ms)
✔ only uncommitted crash tail is rolled back (1.756704ms)
✔ missing terminal file and orphan evidence fail closed (2.247863ms)
✔ fixed complete universe has no duplicate or omitted units (79.903072ms)
✔ holding a running root never removes it from the universe (72.803083ms)
✔ duplicate roots, partitions and wrong parent are rejected (16.953043ms)
✔ empty aggregate cannot claim closure or release (40.827537ms)
✔ source drift refuses instrumentation (0.415082ms)
✔ legacy V10 identity remains bound while current V11 equals repeatedly resumed traversal (132.76214ms)
✔ result identity, missing bytes and proof-model failures block aggregation (33.564662ms)
✔ duplicate result and partial parent coverage never close a parent (34.452267ms)
✔ terminal old groups release only their two roots, active/queued/unknown remain held (41.401336ms)
✔ legacy job identity errors and missing ownership fail closed (0.786382ms)
✔ a yielded checkpoint continues its partition before opening another one (0.169504ms)
ℹ tests 18
ℹ suites 0
ℹ pass 18
ℹ fail 0
ℹ cancelled 0
ℹ skipped 0
ℹ todo 0
ℹ duration_ms 573.470212
