✔ checkpoint round-trip and certified terminal prefix (5.575564ms)
✔ corrupt checkpoint is rejected (2.453276ms)
✔ wrong HEAD/seed/runtime/fingerprint are all rejected (1.725365ms)
✔ cross-head continuation rebind preserves certified state but changes only identity (2.233154ms)
✔ terminal corruption is rejected without truncation (1.703825ms)
✔ only uncommitted crash tail is rolled back (1.741706ms)
✔ missing terminal file and orphan evidence fail closed (2.042128ms)
✔ fixed complete universe has no duplicate or omitted units (242.011865ms)
✔ holding a running root never removes it from the universe (74.126435ms)
✔ duplicate roots, partitions and wrong parent are rejected (24.709572ms)
✔ empty aggregate cannot claim closure or release (37.372159ms)
✔ source drift refuses instrumentation (0.322963ms)
✔ legacy V10 identity remains bound while current V11 equals repeatedly resumed traversal (136.450498ms)
✔ result identity, missing bytes and proof-model failures block aggregation (32.660713ms)
✔ duplicate result and partial parent coverage never close a parent (41.328634ms)
✔ terminal old groups release only their two roots, active/queued/unknown remain held (44.568608ms)
✔ legacy job identity errors and missing ownership fail closed (0.747488ms)
✔ a yielded checkpoint continues its partition before opening another one (0.157985ms)
ℹ tests 18
ℹ suites 0
ℹ pass 18
ℹ fail 0
ℹ cancelled 0
ℹ skipped 0
ℹ todo 0
ℹ duration_ms 752.519988
