✔ checkpoint round-trip and certified terminal prefix (500.871297ms)
✔ corrupt checkpoint is rejected (341.913343ms)
✔ wrong HEAD/seed/runtime/fingerprint are all rejected (136.868095ms)
✔ cross-head continuation rebind preserves certified state but changes only identity (490.788493ms)
✔ terminal corruption is rejected without truncation (178.598014ms)
✔ only uncommitted crash tail is rolled back (190.406453ms)
✔ missing terminal file and orphan evidence fail closed (100.077432ms)
✔ fixed complete universe has no duplicate or omitted units (188.236324ms)
✔ holding a running root never removes it from the universe (60.195397ms)
✔ duplicate roots, partitions and wrong parent are rejected (13.061223ms)
✔ empty aggregate cannot claim closure or release (32.72931ms)
✔ source drift refuses instrumentation (0.277737ms)
✔ legacy V10 identity remains bound while current V11 equals repeatedly resumed traversal (806.233826ms)
✔ result identity, missing bytes and proof-model failures block aggregation (49.802624ms)
✔ duplicate result and partial parent coverage never close a parent (40.297701ms)
✔ terminal old groups release only their two roots, active/queued/unknown remain held (36.257609ms)
✔ legacy job identity errors and missing ownership fail closed (0.681995ms)
✔ a yielded checkpoint continues its partition before opening another one (0.139563ms)
ℹ tests 18
ℹ suites 0
ℹ pass 18
ℹ fail 0
ℹ cancelled 0
ℹ skipped 0
ℹ todo 0
ℹ duration_ms 3308.521749
