✔ checkpoint round-trip and certified terminal prefix (4.19962ms)
✔ corrupt checkpoint is rejected (2.665663ms)
✔ wrong HEAD/seed/runtime/fingerprint are all rejected (1.65505ms)
✔ cross-head continuation rebind preserves certified state but changes only identity (2.523392ms)
✔ terminal corruption is rejected without truncation (1.943391ms)
✔ only uncommitted crash tail is rolled back (1.619873ms)
✔ missing terminal file and orphan evidence fail closed (2.125794ms)
✔ fixed complete universe has no duplicate or omitted units (352.738837ms)
✔ holding a running root never removes it from the universe (44.582679ms)
✔ duplicate roots, partitions and wrong parent are rejected (18.169147ms)
✔ empty aggregate cannot claim closure or release (22.162522ms)
✔ source drift refuses instrumentation (0.22047ms)
✔ legacy V10 identity remains bound while current V11 equals repeatedly resumed traversal (133.246352ms)
✔ result identity, missing bytes and proof-model failures block aggregation (32.75372ms)
✔ duplicate result and partial parent coverage never close a parent (26.321784ms)
✔ terminal old groups release only their two roots, active/queued/unknown remain held (29.347803ms)
✔ legacy job identity errors and missing ownership fail closed (0.459527ms)
✔ a yielded checkpoint continues its partition before opening another one (0.095142ms)
ℹ tests 18
ℹ suites 0
ℹ pass 18
ℹ fail 0
ℹ cancelled 0
ℹ skipped 0
ℹ todo 0
ℹ duration_ms 755.223132
