✔ checkpoint round-trip and certified terminal prefix (4.675995ms)
✔ corrupt checkpoint is rejected (2.712425ms)
✔ wrong HEAD/seed/runtime/fingerprint are all rejected (1.704497ms)
✔ cross-head continuation rebind preserves certified state but changes only identity (2.91892ms)
✔ terminal corruption is rejected without truncation (3.284271ms)
✔ only uncommitted crash tail is rolled back (1.782643ms)
✔ missing terminal file and orphan evidence fail closed (2.046815ms)
✔ fixed complete universe has no duplicate or omitted units (74.619446ms)
✔ holding a running root never removes it from the universe (72.323921ms)
✔ duplicate roots, partitions and wrong parent are rejected (14.052051ms)
✔ empty aggregate cannot claim closure or release (39.321589ms)
✔ source drift refuses instrumentation (0.34327ms)
✔ legacy V10 identity remains bound while current V11 equals repeatedly resumed traversal (130.109384ms)
✔ result identity, missing bytes and proof-model failures block aggregation (35.168611ms)
✔ duplicate result and partial parent coverage never close a parent (40.004132ms)
✔ terminal old groups release only their two roots, active/queued/unknown remain held (34.439329ms)
✔ legacy job identity errors and missing ownership fail closed (0.742705ms)
✔ a yielded checkpoint continues its partition before opening another one (0.181248ms)
ℹ tests 18
ℹ suites 0
ℹ pass 18
ℹ fail 0
ℹ cancelled 0
ℹ skipped 0
ℹ todo 0
ℹ duration_ms 546.556451
