✔ checkpoint round-trip and certified terminal prefix (3.91145ms)
✔ corrupt checkpoint is rejected (2.005354ms)
✔ wrong HEAD/seed/runtime/fingerprint are all rejected (1.232893ms)
✔ cross-head continuation rebind preserves certified state but changes only identity (1.760166ms)
✔ terminal corruption is rejected without truncation (1.298702ms)
✔ only uncommitted crash tail is rolled back (1.123999ms)
✔ missing terminal file and orphan evidence fail closed (1.428918ms)
✔ fixed complete universe has no duplicate or omitted units (163.042577ms)
✔ holding a running root never removes it from the universe (38.185833ms)
✔ duplicate roots, partitions and wrong parent are rejected (7.884343ms)
✔ empty aggregate cannot claim closure or release (19.323389ms)
✔ source drift refuses instrumentation (0.251729ms)
✔ legacy V10 identity remains bound while current V11 equals repeatedly resumed traversal (125.33056ms)
✔ result identity, missing bytes and proof-model failures block aggregation (21.846942ms)
✔ duplicate result and partial parent coverage never close a parent (20.790994ms)
✔ terminal old groups release only their two roots, active/queued/unknown remain held (21.747372ms)
✔ legacy job identity errors and missing ownership fail closed (0.561294ms)
✔ a yielded checkpoint continues its partition before opening another one (0.10647ms)
ℹ tests 18
ℹ suites 0
ℹ pass 18
ℹ fail 0
ℹ cancelled 0
ℹ skipped 0
ℹ todo 0
ℹ duration_ms 501.256903
