✔ checkpoint round-trip and certified terminal prefix (10.671804ms)
✔ corrupt checkpoint is rejected (2.561547ms)
✔ wrong HEAD/seed/runtime/fingerprint are all rejected (1.739305ms)
✔ cross-head continuation rebind preserves certified state but changes only identity (2.384189ms)
✔ terminal corruption is rejected without truncation (1.716371ms)
✔ only uncommitted crash tail is rolled back (1.665474ms)
✔ missing terminal file and orphan evidence fail closed (1.8946ms)
✔ fixed complete universe has no duplicate or omitted units (69.086161ms)
✔ holding a running root never removes it from the universe (55.288333ms)
✔ duplicate roots, partitions and wrong parent are rejected (7.917652ms)
✔ empty aggregate cannot claim closure or release (27.470126ms)
✔ source drift refuses instrumentation (0.263167ms)
✔ legacy V10 identity remains bound while current V11 equals repeatedly resumed traversal (257.287161ms)
✔ result identity, missing bytes and proof-model failures block aggregation (145.703068ms)
✔ duplicate result and partial parent coverage never close a parent (31.587884ms)
✔ terminal old groups release only their two roots, active/queued/unknown remain held (25.389586ms)
✔ legacy job identity errors and missing ownership fail closed (0.580436ms)
✔ a yielded checkpoint continues its partition before opening another one (0.109966ms)
ℹ tests 18
ℹ suites 0
ℹ pass 18
ℹ fail 0
ℹ cancelled 0
ℹ skipped 0
ℹ todo 0
ℹ duration_ms 710.531699
