✔ checkpoint round-trip and certified terminal prefix (13.281956ms)
✔ corrupt checkpoint is rejected (3.773229ms)
✔ wrong HEAD/seed/runtime/fingerprint are all rejected (1.836126ms)
✔ cross-head continuation rebind preserves certified state but changes only identity (2.394556ms)
✔ terminal corruption is rejected without truncation (1.726144ms)
✔ only uncommitted crash tail is rolled back (1.75685ms)
✔ missing terminal file and orphan evidence fail closed (2.061462ms)
✔ fixed complete universe has no duplicate or omitted units (71.089268ms)
✔ holding a running root never removes it from the universe (67.817004ms)
✔ duplicate roots, partitions and wrong parent are rejected (10.909691ms)
✔ empty aggregate cannot claim closure or release (34.211264ms)
✔ source drift refuses instrumentation (0.320491ms)
✔ legacy V10 identity remains bound while current V11 equals repeatedly resumed traversal (130.13807ms)
✔ result identity, missing bytes and proof-model failures block aggregation (31.885556ms)
✔ duplicate result and partial parent coverage never close a parent (33.73645ms)
✔ terminal old groups release only their two roots, active/queued/unknown remain held (38.283786ms)
✔ legacy job identity errors and missing ownership fail closed (0.848124ms)
✔ a yielded checkpoint continues its partition before opening another one (0.189109ms)
ℹ tests 18
ℹ suites 0
ℹ pass 18
ℹ fail 0
ℹ cancelled 0
ℹ skipped 0
ℹ todo 0
ℹ duration_ms 534.268277
