✔ checkpoint round-trip and certified terminal prefix (2.960095ms)
✔ corrupt checkpoint is rejected (1.873733ms)
✔ wrong HEAD/seed/runtime/fingerprint are all rejected (1.128777ms)
✔ cross-head continuation rebind preserves certified state but changes only identity (1.742335ms)
✔ terminal corruption is rejected without truncation (1.256189ms)
✔ only uncommitted crash tail is rolled back (1.090449ms)
✔ missing terminal file and orphan evidence fail closed (1.399777ms)
✔ fixed complete universe has no duplicate or omitted units (44.497646ms)
✔ holding a running root never removes it from the universe (40.239829ms)
✔ duplicate roots, partitions and wrong parent are rejected (8.563087ms)
✔ empty aggregate cannot claim closure or release (28.691018ms)
✔ source drift refuses instrumentation (0.278511ms)
✔ legacy V10 identity remains bound while current V11 equals repeatedly resumed traversal (108.454612ms)
✔ result identity, missing bytes and proof-model failures block aggregation (23.307588ms)
✔ duplicate result and partial parent coverage never close a parent (25.648438ms)
✔ terminal old groups release only their two roots, active/queued/unknown remain held (18.200047ms)
✔ legacy job identity errors and missing ownership fail closed (0.498003ms)
✔ a yielded checkpoint continues its partition before opening another one (0.103086ms)
ℹ tests 18
ℹ suites 0
ℹ pass 18
ℹ fail 0
ℹ cancelled 0
ℹ skipped 0
ℹ todo 0
ℹ duration_ms 365.281971
