✔ checkpoint round-trip and certified terminal prefix (13.510809ms)
✔ corrupt checkpoint is rejected (2.895755ms)
✔ wrong HEAD/seed/runtime/fingerprint are all rejected (1.878617ms)
✔ cross-head continuation rebind preserves certified state but changes only identity (2.636992ms)
✔ terminal corruption is rejected without truncation (1.71946ms)
✔ only uncommitted crash tail is rolled back (2.450915ms)
✔ missing terminal file and orphan evidence fail closed (3.377865ms)
✔ fixed complete universe has no duplicate or omitted units (78.399702ms)
✔ holding a running root never removes it from the universe (70.816004ms)
✔ duplicate roots, partitions and wrong parent are rejected (10.372201ms)
✔ empty aggregate cannot claim closure or release (45.243592ms)
✔ source drift refuses instrumentation (0.281586ms)
✔ legacy V10 identity remains bound while current V11 equals repeatedly resumed traversal (130.34298ms)
✔ result identity, missing bytes and proof-model failures block aggregation (33.590411ms)
✔ duplicate result and partial parent coverage never close a parent (42.109905ms)
✔ terminal old groups release only their two roots, active/queued/unknown remain held (35.134333ms)
✔ legacy job identity errors and missing ownership fail closed (0.741574ms)
✔ a yielded checkpoint continues its partition before opening another one (0.164237ms)
ℹ tests 18
ℹ suites 0
ℹ pass 18
ℹ fail 0
ℹ cancelled 0
ℹ skipped 0
ℹ todo 0
ℹ duration_ms 563.660968
