✔ checkpoint round-trip and certified terminal prefix (5.756356ms)
✔ corrupt checkpoint is rejected (2.327281ms)
✔ wrong HEAD/seed/runtime/fingerprint are all rejected (1.551267ms)
✔ cross-head continuation rebind preserves certified state but changes only identity (2.156682ms)
✔ terminal corruption is rejected without truncation (1.623692ms)
✔ only uncommitted crash tail is rolled back (1.499169ms)
✔ missing terminal file and orphan evidence fail closed (1.851309ms)
✔ fixed complete universe has no duplicate or omitted units (72.890023ms)
✔ holding a running root never removes it from the universe (74.938682ms)
✔ duplicate roots, partitions and wrong parent are rejected (10.761977ms)
✔ empty aggregate cannot claim closure or release (35.213558ms)
✔ source drift refuses instrumentation (0.283822ms)
✔ legacy V10 identity remains bound while current V11 equals repeatedly resumed traversal (128.82878ms)
✔ result identity, missing bytes and proof-model failures block aggregation (35.255948ms)
✔ duplicate result and partial parent coverage never close a parent (44.458604ms)
✔ terminal old groups release only their two roots, active/queued/unknown remain held (34.810033ms)
✔ legacy job identity errors and missing ownership fail closed (0.782727ms)
✔ a yielded checkpoint continues its partition before opening another one (0.155632ms)
ℹ tests 18
ℹ suites 0
ℹ pass 18
ℹ fail 0
ℹ cancelled 0
ℹ skipped 0
ℹ todo 0
ℹ duration_ms 555.554008
