✔ checkpoint round-trip and certified terminal prefix (5.803631ms)
✔ corrupt checkpoint is rejected (2.836859ms)
✔ wrong HEAD/seed/runtime/fingerprint are all rejected (1.814313ms)
✔ cross-head continuation rebind preserves certified state but changes only identity (2.343243ms)
✔ terminal corruption is rejected without truncation (1.647248ms)
✔ only uncommitted crash tail is rolled back (1.715126ms)
✔ missing terminal file and orphan evidence fail closed (2.150563ms)
✔ fixed complete universe has no duplicate or omitted units (68.351976ms)
✔ holding a running root never removes it from the universe (64.414678ms)
✔ duplicate roots, partitions and wrong parent are rejected (11.137803ms)
✔ empty aggregate cannot claim closure or release (39.188799ms)
✔ source drift refuses instrumentation (0.382377ms)
✔ legacy V10 identity remains bound while current V11 equals repeatedly resumed traversal (127.469141ms)
✔ result identity, missing bytes and proof-model failures block aggregation (36.299009ms)
✔ duplicate result and partial parent coverage never close a parent (36.620783ms)
✔ terminal old groups release only their two roots, active/queued/unknown remain held (40.119253ms)
✔ legacy job identity errors and missing ownership fail closed (0.68269ms)
✔ a yielded checkpoint continues its partition before opening another one (0.148348ms)
ℹ tests 18
ℹ suites 0
ℹ pass 18
ℹ fail 0
ℹ cancelled 0
ℹ skipped 0
ℹ todo 0
ℹ duration_ms 527.759164
