✔ checkpoint round-trip and certified terminal prefix (140.739412ms)
✔ corrupt checkpoint is rejected (2.202351ms)
✔ wrong HEAD/seed/runtime/fingerprint are all rejected (1.321804ms)
✔ cross-head continuation rebind preserves certified state but changes only identity (5.367003ms)
✔ terminal corruption is rejected without truncation (78.507263ms)
✔ only uncommitted crash tail is rolled back (1.377687ms)
✔ missing terminal file and orphan evidence fail closed (1.608836ms)
✔ fixed complete universe has no duplicate or omitted units (58.564399ms)
✔ holding a running root never removes it from the universe (128.072224ms)
✔ duplicate roots, partitions and wrong parent are rejected (10.554345ms)
✔ empty aggregate cannot claim closure or release (27.80754ms)
✔ source drift refuses instrumentation (0.26547ms)
✔ legacy V10 identity remains bound while current V11 equals repeatedly resumed traversal (233.863724ms)
✔ result identity, missing bytes and proof-model failures block aggregation (29.727526ms)
✔ duplicate result and partial parent coverage never close a parent (32.810595ms)
✔ terminal old groups release only their two roots, active/queued/unknown remain held (24.852475ms)
✔ legacy job identity errors and missing ownership fail closed (0.574406ms)
✔ a yielded checkpoint continues its partition before opening another one (0.116956ms)
ℹ tests 18
ℹ suites 0
ℹ pass 18
ℹ fail 0
ℹ cancelled 0
ℹ skipped 0
ℹ todo 0
ℹ duration_ms 852.387736
