✔ checkpoint round-trip and certified terminal prefix (5.089685ms)
✔ corrupt checkpoint is rejected (2.430078ms)
✔ wrong HEAD/seed/runtime/fingerprint are all rejected (1.697163ms)
✔ cross-head continuation rebind preserves certified state but changes only identity (2.330501ms)
✔ terminal corruption is rejected without truncation (1.768837ms)
✔ only uncommitted crash tail is rolled back (1.741406ms)
✔ missing terminal file and orphan evidence fail closed (1.957321ms)
✔ fixed complete universe has no duplicate or omitted units (69.132721ms)
✔ holding a running root never removes it from the universe (71.59552ms)
✔ duplicate roots, partitions and wrong parent are rejected (9.806772ms)
✔ empty aggregate cannot claim closure or release (35.318406ms)
✔ source drift refuses instrumentation (1.081138ms)
✔ legacy V10 identity remains bound while current V11 equals repeatedly resumed traversal (128.54349ms)
✔ result identity, missing bytes and proof-model failures block aggregation (34.868763ms)
✔ duplicate result and partial parent coverage never close a parent (36.907046ms)
✔ terminal old groups release only their two roots, active/queued/unknown remain held (53.435273ms)
✔ legacy job identity errors and missing ownership fail closed (0.742493ms)
✔ a yielded checkpoint continues its partition before opening another one (0.146044ms)
ℹ tests 18
ℹ suites 0
ℹ pass 18
ℹ fail 0
ℹ cancelled 0
ℹ skipped 0
ℹ todo 0
ℹ duration_ms 545.022309
