✔ checkpoint round-trip and certified terminal prefix (86.917527ms)
✔ corrupt checkpoint is rejected (183.202816ms)
✔ wrong HEAD/seed/runtime/fingerprint are all rejected (182.35466ms)
✔ cross-head continuation rebind preserves certified state but changes only identity (4.953976ms)
✔ terminal corruption is rejected without truncation (4.753949ms)
✔ only uncommitted crash tail is rolled back (1.953911ms)
✔ missing terminal file and orphan evidence fail closed (2.040863ms)
✔ fixed complete universe has no duplicate or omitted units (372.712892ms)
✔ holding a running root never removes it from the universe (48.321169ms)
✔ duplicate roots, partitions and wrong parent are rejected (22.675728ms)
✔ empty aggregate cannot claim closure or release (31.857942ms)
✔ source drift refuses instrumentation (0.261767ms)
✔ legacy V10 identity remains bound while current V11 equals repeatedly resumed traversal (688.602535ms)
✔ result identity, missing bytes and proof-model failures block aggregation (89.673818ms)
✔ duplicate result and partial parent coverage never close a parent (166.981531ms)
✔ terminal old groups release only their two roots, active/queued/unknown remain held (23.463652ms)
✔ legacy job identity errors and missing ownership fail closed (0.472351ms)
✔ a yielded checkpoint continues its partition before opening another one (0.096384ms)
ℹ tests 18
ℹ suites 0
ℹ pass 18
ℹ fail 0
ℹ cancelled 0
ℹ skipped 0
ℹ todo 0
ℹ duration_ms 1967.441742
