✔ checkpoint round-trip and certified terminal prefix (15.197522ms)
✔ corrupt checkpoint is rejected (3.166514ms)
✔ wrong HEAD/seed/runtime/fingerprint are all rejected (1.719978ms)
✔ cross-head continuation rebind preserves certified state but changes only identity (2.589948ms)
✔ terminal corruption is rejected without truncation (2.140128ms)
✔ only uncommitted crash tail is rolled back (1.752737ms)
✔ missing terminal file and orphan evidence fail closed (2.076428ms)
✔ fixed complete universe has no duplicate or omitted units (56.871308ms)
✔ holding a running root never removes it from the universe (78.683732ms)
✔ duplicate roots, partitions and wrong parent are rejected (10.731604ms)
✔ empty aggregate cannot claim closure or release (31.03902ms)
✔ source drift refuses instrumentation (0.28289ms)
✔ legacy V10 identity remains bound while current V11 equals repeatedly resumed traversal (131.507486ms)
✔ result identity, missing bytes and proof-model failures block aggregation (39.979606ms)
✔ duplicate result and partial parent coverage never close a parent (31.653735ms)
✔ terminal old groups release only their two roots, active/queued/unknown remain held (34.625426ms)
✔ legacy job identity errors and missing ownership fail closed (0.65776ms)
✔ a yielded checkpoint continues its partition before opening another one (0.147276ms)
ℹ tests 18
ℹ suites 0
ℹ pass 18
ℹ fail 0
ℹ cancelled 0
ℹ skipped 0
ℹ todo 0
ℹ duration_ms 520.775765
