✔ checkpoint round-trip and certified terminal prefix (3.788198ms)
✔ corrupt checkpoint is rejected (1.970776ms)
✔ wrong HEAD/seed/runtime/fingerprint are all rejected (1.214594ms)
✔ cross-head continuation rebind preserves certified state but changes only identity (1.767465ms)
✔ terminal corruption is rejected without truncation (1.270388ms)
✔ only uncommitted crash tail is rolled back (1.139158ms)
✔ missing terminal file and orphan evidence fail closed (1.461549ms)
✔ fixed complete universe has no duplicate or omitted units (47.328659ms)
✔ holding a running root never removes it from the universe (49.045449ms)
✔ duplicate roots, partitions and wrong parent are rejected (6.366982ms)
✔ empty aggregate cannot claim closure or release (22.475361ms)
✔ source drift refuses instrumentation (0.243712ms)
✔ legacy V10 identity remains bound while current V11 equals repeatedly resumed traversal (112.622662ms)
✔ result identity, missing bytes and proof-model failures block aggregation (29.77843ms)
✔ duplicate result and partial parent coverage never close a parent (26.171339ms)
✔ terminal old groups release only their two roots, active/queued/unknown remain held (19.326613ms)
✔ legacy job identity errors and missing ownership fail closed (0.495316ms)
✔ a yielded checkpoint continues its partition before opening another one (0.106833ms)
ℹ tests 18
ℹ suites 0
ℹ pass 18
ℹ fail 0
ℹ cancelled 0
ℹ skipped 0
ℹ todo 0
ℹ duration_ms 397.479085
