✔ checkpoint round-trip and certified terminal prefix (9.128486ms)
✔ corrupt checkpoint is rejected (2.277169ms)
✔ wrong HEAD/seed/runtime/fingerprint are all rejected (1.575618ms)
✔ cross-head continuation rebind preserves certified state but changes only identity (2.400112ms)
✔ terminal corruption is rejected without truncation (1.608677ms)
✔ only uncommitted crash tail is rolled back (1.948641ms)
✔ missing terminal file and orphan evidence fail closed (1.911256ms)
✔ fixed complete universe has no duplicate or omitted units (64.491669ms)
✔ holding a running root never removes it from the universe (64.829961ms)
✔ duplicate roots, partitions and wrong parent are rejected (9.981981ms)
✔ empty aggregate cannot claim closure or release (34.382779ms)
✔ source drift refuses instrumentation (0.324108ms)
✔ legacy V10 identity remains bound while current V11 equals repeatedly resumed traversal (140.669217ms)
✔ result identity, missing bytes and proof-model failures block aggregation (33.135326ms)
✔ duplicate result and partial parent coverage never close a parent (33.366165ms)
✔ terminal old groups release only their two roots, active/queued/unknown remain held (38.036794ms)
✔ legacy job identity errors and missing ownership fail closed (0.835274ms)
✔ a yielded checkpoint continues its partition before opening another one (0.157697ms)
ℹ tests 18
ℹ suites 0
ℹ pass 18
ℹ fail 0
ℹ cancelled 0
ℹ skipped 0
ℹ todo 0
ℹ duration_ms 523.524806
