✔ checkpoint round-trip and certified terminal prefix (5.351901ms)
✔ corrupt checkpoint is rejected (4.335574ms)
✔ wrong HEAD/seed/runtime/fingerprint are all rejected (1.358076ms)
✔ cross-head continuation rebind preserves certified state but changes only identity (2.069291ms)
✔ terminal corruption is rejected without truncation (1.561959ms)
✔ only uncommitted crash tail is rolled back (1.480994ms)
✔ missing terminal file and orphan evidence fail closed (1.72462ms)
✔ fixed complete universe has no duplicate or omitted units (58.496765ms)
✔ holding a running root never removes it from the universe (61.436294ms)
✔ duplicate roots, partitions and wrong parent are rejected (10.430678ms)
✔ empty aggregate cannot claim closure or release (27.653648ms)
✔ source drift refuses instrumentation (0.27521ms)
✔ legacy V10 identity remains bound while current V11 equals repeatedly resumed traversal (117.297422ms)
✔ result identity, missing bytes and proof-model failures block aggregation (30.813075ms)
✔ duplicate result and partial parent coverage never close a parent (27.763479ms)
✔ terminal old groups release only their two roots, active/queued/unknown remain held (31.090746ms)
✔ legacy job identity errors and missing ownership fail closed (0.641168ms)
✔ a yielded checkpoint continues its partition before opening another one (0.127287ms)
ℹ tests 18
ℹ suites 0
ℹ pass 18
ℹ fail 0
ℹ cancelled 0
ℹ skipped 0
ℹ todo 0
ℹ duration_ms 450.923837
