✔ checkpoint round-trip and certified terminal prefix (3.768601ms)
✔ corrupt checkpoint is rejected (2.110046ms)
✔ wrong HEAD/seed/runtime/fingerprint are all rejected (1.335826ms)
✔ cross-head continuation rebind preserves certified state but changes only identity (1.844715ms)
✔ terminal corruption is rejected without truncation (1.473675ms)
✔ only uncommitted crash tail is rolled back (1.335817ms)
✔ missing terminal file and orphan evidence fail closed (1.401706ms)
✔ fixed complete universe has no duplicate or omitted units (38.997486ms)
✔ holding a running root never removes it from the universe (37.16106ms)
✔ duplicate roots, partitions and wrong parent are rejected (6.433404ms)
✔ empty aggregate cannot claim closure or release (26.126127ms)
✔ source drift refuses instrumentation (0.261956ms)
✔ legacy V10 identity remains bound while current V11 equals repeatedly resumed traversal (106.58617ms)
✔ result identity, missing bytes and proof-model failures block aggregation (20.746205ms)
✔ duplicate result and partial parent coverage never close a parent (23.58427ms)
✔ terminal old groups release only their two roots, active/queued/unknown remain held (17.33889ms)
✔ legacy job identity errors and missing ownership fail closed (0.449048ms)
✔ a yielded checkpoint continues its partition before opening another one (0.089535ms)
ℹ tests 18
ℹ suites 0
ℹ pass 18
ℹ fail 0
ℹ cancelled 0
ℹ skipped 0
ℹ todo 0
ℹ duration_ms 344.365294
