✔ checkpoint round-trip and certified terminal prefix (5.933419ms)
✔ corrupt checkpoint is rejected (2.585441ms)
✔ wrong HEAD/seed/runtime/fingerprint are all rejected (1.725901ms)
✔ cross-head continuation rebind preserves certified state but changes only identity (2.525949ms)
✔ terminal corruption is rejected without truncation (1.863511ms)
✔ only uncommitted crash tail is rolled back (1.694903ms)
✔ missing terminal file and orphan evidence fail closed (2.283292ms)
✔ fixed complete universe has no duplicate or omitted units (80.773767ms)
✔ holding a running root never removes it from the universe (69.405289ms)
✔ duplicate roots, partitions and wrong parent are rejected (10.783155ms)
✔ empty aggregate cannot claim closure or release (47.541512ms)
✔ source drift refuses instrumentation (0.342426ms)
✔ legacy V10 identity remains bound while current V11 equals repeatedly resumed traversal (129.459156ms)
✔ result identity, missing bytes and proof-model failures block aggregation (34.399769ms)
✔ duplicate result and partial parent coverage never close a parent (41.186495ms)
✔ terminal old groups release only their two roots, active/queued/unknown remain held (39.861556ms)
✔ legacy job identity errors and missing ownership fail closed (0.762156ms)
✔ a yielded checkpoint continues its partition before opening another one (0.172876ms)
ℹ tests 18
ℹ suites 0
ℹ pass 18
ℹ fail 0
ℹ cancelled 0
ℹ skipped 0
ℹ todo 0
ℹ duration_ms 562.115996
