✔ checkpoint round-trip and certified terminal prefix (6.261992ms)
✔ corrupt checkpoint is rejected (2.53661ms)
✔ wrong HEAD/seed/runtime/fingerprint are all rejected (1.559548ms)
✔ cross-head continuation rebind preserves certified state but changes only identity (2.385739ms)
✔ terminal corruption is rejected without truncation (1.622426ms)
✔ only uncommitted crash tail is rolled back (1.625191ms)
✔ missing terminal file and orphan evidence fail closed (2.465178ms)
✔ fixed complete universe has no duplicate or omitted units (66.484706ms)
✔ holding a running root never removes it from the universe (81.862393ms)
✔ duplicate roots, partitions and wrong parent are rejected (11.424224ms)
✔ empty aggregate cannot claim closure or release (32.730779ms)
✔ source drift refuses instrumentation (0.329234ms)
✔ legacy V10 identity remains bound while current V11 equals repeatedly resumed traversal (129.1026ms)
✔ result identity, missing bytes and proof-model failures block aggregation (32.655468ms)
✔ duplicate result and partial parent coverage never close a parent (32.94611ms)
✔ terminal old groups release only their two roots, active/queued/unknown remain held (38.68355ms)
✔ legacy job identity errors and missing ownership fail closed (0.907342ms)
✔ a yielded checkpoint continues its partition before opening another one (0.169927ms)
ℹ tests 18
ℹ suites 0
ℹ pass 18
ℹ fail 0
ℹ cancelled 0
ℹ skipped 0
ℹ todo 0
ℹ duration_ms 529.272565
