✔ checkpoint round-trip and certified terminal prefix (5.332468ms)
✔ corrupt checkpoint is rejected (2.85048ms)
✔ wrong HEAD/seed/runtime/fingerprint are all rejected (1.659897ms)
✔ cross-head continuation rebind preserves certified state but changes only identity (2.637873ms)
✔ terminal corruption is rejected without truncation (1.972004ms)
✔ only uncommitted crash tail is rolled back (1.676172ms)
✔ missing terminal file and orphan evidence fail closed (2.021775ms)
✔ fixed complete universe has no duplicate or omitted units (71.156194ms)
✔ holding a running root never removes it from the universe (64.564398ms)
✔ duplicate roots, partitions and wrong parent are rejected (12.563689ms)
✔ empty aggregate cannot claim closure or release (33.05067ms)
✔ source drift refuses instrumentation (0.309568ms)
✔ legacy V10 identity remains bound while current V11 equals repeatedly resumed traversal (138.820779ms)
✔ result identity, missing bytes and proof-model failures block aggregation (42.555306ms)
✔ duplicate result and partial parent coverage never close a parent (38.555712ms)
✔ terminal old groups release only their two roots, active/queued/unknown remain held (43.59288ms)
✔ legacy job identity errors and missing ownership fail closed (0.733903ms)
✔ a yielded checkpoint continues its partition before opening another one (0.1738ms)
ℹ tests 18
ℹ suites 0
ℹ pass 18
ℹ fail 0
ℹ cancelled 0
ℹ skipped 0
ℹ todo 0
ℹ duration_ms 545.381696
