✔ checkpoint round-trip and certified terminal prefix (9.282909ms)
✔ corrupt checkpoint is rejected (2.561613ms)
✔ wrong HEAD/seed/runtime/fingerprint are all rejected (1.666813ms)
✔ cross-head continuation rebind preserves certified state but changes only identity (2.52274ms)
✔ terminal corruption is rejected without truncation (1.754155ms)
✔ only uncommitted crash tail is rolled back (1.770215ms)
✔ missing terminal file and orphan evidence fail closed (1.882873ms)
✔ fixed complete universe has no duplicate or omitted units (62.09783ms)
✔ holding a running root never removes it from the universe (70.302948ms)
✔ duplicate roots, partitions and wrong parent are rejected (10.472293ms)
✔ empty aggregate cannot claim closure or release (31.384298ms)
✔ source drift refuses instrumentation (0.3397ms)
✔ legacy V10 identity remains bound while current V11 equals repeatedly resumed traversal (127.902023ms)
✔ result identity, missing bytes and proof-model failures block aggregation (34.653115ms)
✔ duplicate result and partial parent coverage never close a parent (37.890702ms)
✔ terminal old groups release only their two roots, active/queued/unknown remain held (31.592976ms)
✔ legacy job identity errors and missing ownership fail closed (0.672187ms)
✔ a yielded checkpoint continues its partition before opening another one (0.142875ms)
ℹ tests 18
ℹ suites 0
ℹ pass 18
ℹ fail 0
ℹ cancelled 0
ℹ skipped 0
ℹ todo 0
ℹ duration_ms 510.588104
