✔ checkpoint round-trip and certified terminal prefix (5.36211ms)
✔ corrupt checkpoint is rejected (2.370309ms)
✔ wrong HEAD/seed/runtime/fingerprint are all rejected (1.571607ms)
✔ cross-head continuation rebind preserves certified state but changes only identity (2.170476ms)
✔ terminal corruption is rejected without truncation (1.533435ms)
✔ only uncommitted crash tail is rolled back (1.572138ms)
✔ missing terminal file and orphan evidence fail closed (1.810353ms)
✔ fixed complete universe has no duplicate or omitted units (65.595921ms)
✔ holding a running root never removes it from the universe (84.163747ms)
✔ duplicate roots, partitions and wrong parent are rejected (10.109229ms)
✔ empty aggregate cannot claim closure or release (33.150144ms)
✔ source drift refuses instrumentation (0.314227ms)
✔ legacy V10 identity remains bound while current V11 equals repeatedly resumed traversal (132.986586ms)
✔ result identity, missing bytes and proof-model failures block aggregation (32.858759ms)
✔ duplicate result and partial parent coverage never close a parent (33.408587ms)
✔ terminal old groups release only their two roots, active/queued/unknown remain held (38.063425ms)
✔ legacy job identity errors and missing ownership fail closed (0.859115ms)
✔ a yielded checkpoint continues its partition before opening another one (0.227615ms)
ℹ tests 18
ℹ suites 0
ℹ pass 18
ℹ fail 0
ℹ cancelled 0
ℹ skipped 0
ℹ todo 0
ℹ duration_ms 531.246297
