✔ checkpoint round-trip and certified terminal prefix (163.452605ms)
✔ corrupt checkpoint is rejected (5.207253ms)
✔ wrong HEAD/seed/runtime/fingerprint are all rejected (2.356355ms)
✔ cross-head continuation rebind preserves certified state but changes only identity (3.177343ms)
✔ terminal corruption is rejected without truncation (2.034486ms)
✔ only uncommitted crash tail is rolled back (1.618303ms)
✔ missing terminal file and orphan evidence fail closed (2.29926ms)
✔ fixed complete universe has no duplicate or omitted units (265.608878ms)
✔ holding a running root never removes it from the universe (43.597778ms)
✔ duplicate roots, partitions and wrong parent are rejected (14.770923ms)
✔ empty aggregate cannot claim closure or release (31.928265ms)
✔ source drift refuses instrumentation (0.207575ms)
✔ legacy V10 identity remains bound while current V11 equals repeatedly resumed traversal (144.040027ms)
✔ result identity, missing bytes and proof-model failures block aggregation (36.703174ms)
✔ duplicate result and partial parent coverage never close a parent (27.084503ms)
✔ terminal old groups release only their two roots, active/queued/unknown remain held (28.030595ms)
✔ legacy job identity errors and missing ownership fail closed (0.443584ms)
✔ a yielded checkpoint continues its partition before opening another one (0.089363ms)
ℹ tests 18
ℹ suites 0
ℹ pass 18
ℹ fail 0
ℹ cancelled 0
ℹ skipped 0
ℹ todo 0
ℹ duration_ms 841.258837
